0 4 7 9 11 12 13 14 16 26 27 28 30 
2 5 8 17 20 21 24 25 29 33 34 
