1 4 5 6 12 13 14 21 25 27 31 32 34 
0 2 3 9 11 15 18 23 24 26 30 33 35 
