0 1 2 5 12 17 22 23 27 30 32 
4 7 13 16 18 21 24 25 26 31 34 
