4 5 7 10 11 15 19 23 24 26 28 30 36 
2 3 6 13 16 20 21 25 33 35 37 
