1 2 7 9 12 13 15 16 22 23 24 27 29 32 35 37 
5 8 10 19 20 21 25 31 34 38 
