0 5 24 34 35 37 
2 4 6 7 11 17 18 21 22 26 28 29 32 33 36 38 
