0 1 2 5 6 9 10 12 13 17 18 27 29 34 35 
4 7 8 11 15 16 21 25 28 31 36 
