1 2 3 8 14 15 17 18 23 26 29 31 33 
12 13 16 21 22 24 27 28 32 35 37 
