0 1 4 5 6 10 11 13 15 16 20 21 22 24 27 28 33 
2 3 8 9 12 19 23 25 32 35 37 
