6 8 9 15 19 22 25 32 33 34 36 37 
1 3 4 7 11 12 13 14 16 18 21 24 27 28 35 38 
