2 3 6 7 14 17 18 19 20 23 24 26 27 28 29 30 31 34 
0 5 11 13 21 25 33 35 36 37 
