4 5 9 15 23 24 28 32 34 
1 7 8 10 13 16 17 22 26 27 31 33 35 36 37 
