1 2 3 5 7 9 13 16 22 31 32 36 37 
0 14 15 17 18 20 24 27 29 35 38 
