1 2 5 7 13 15 16 19 25 33 36 37 
0 3 4 9 10 14 17 18 20 24 26 32 35 38 
