6 9 11 15 18 20 23 24 25 26 28 29 30 37 
1 2 4 7 8 16 27 31 35 38 
