1 2 6 14 16 17 19 22 29 
3 7 8 10 11 13 18 24 26 27 28 30 37 
