12 16 17 26 27 28 30 34 35 37 
0 3 4 5 6 7 9 10 11 13 20 21 22 24 25 29 31 32 33 38 
