1 3 6 19 20 22 29 31 36 37 
0 4 7 8 10 13 16 25 26 30 32 34 35 38 
