4 6 9 12 13 15 17 19 20 24 26 35 
1 5 7 10 14 16 21 22 23 25 28 30 32 33 36 37 
