0 3 4 11 12 14 18 21 23 24 26 27 29 30 32 34 37 
5 8 9 15 16 17 19 20 22 25 38 
