4 5 8 10 12 13 14 16 17 21 26 28 35 
1 6 9 18 22 25 31 32 33 36 37 
