6 7 10 13 17 23 25 26 28 31 
1 4 5 8 9 14 19 20 21 27 29 30 35 36 
