8 9 19 21 22 23 31 34 35 
0 1 3 5 6 10 13 14 15 16 18 24 27 33 36 
