4 5 7 13 19 22 23 29 
1 3 6 9 11 16 17 21 25 26 27 31 32 34 35 36 
