0 4 5 6 10 11 13 14 16 18 19 23 24 27 29 30 31 33 34 35 37 
1 7 8 9 15 20 21 36 38 
