0 2 3 4 6 9 11 12 13 17 18 22 23 27 28 32 33 34 35 36 37 
5 8 10 15 16 19 20 21 24 29 30 31 38 
