0 3 7 8 10 12 16 21 28 29 30 35 
1 2 4 9 11 14 15 18 23 24 25 27 31 32 33 34 36 37 
