1 7 11 15 17 19 22 30 31 33 35 36 37 
0 2 4 9 12 13 20 24 25 32 38 
