0 2 7 21 33 34 
1 3 4 8 13 15 16 22 24 27 29 31 32 36 
