0 1 3 5 6 10 13 19 21 25 26 27 28 32 34 36 37 
12 14 15 16 29 30 38 
