-120776
21645
-225657
-5190
-93471
14396
-34271
8618
3837
104073
-3840
-106863
-184989
-16928
-165873
43437
60498
-161934
638
7463
53418
235457
193348
-68306
-50140
50289
-58890
-90893
124847
15130
-41784
-45694
-51408
-36866
137647
-93602
-62523
-43815
202783
-4050
167897
-168848
-146931
22843
-182070
-135880
-8874
-4533
-88032
131943
44268
-122477
-73887
-72816
23061
59513
22932
-89985
66110
