121781
-152926
-169008
12186
-11750
151381
-57619
55080
-45023
60766
-58752
59441
-7920
-121250
15197
17393
21
-23530
-86581
-207580
128835
149639
-166031
-112578
162736
117450
-137357
116507
28906
38998
90986
5417
-11819
2256
-167316
-2592
-72910
10286
-135932
33734
13907
-56218
10024
-8216
-167669
-110094
197529
-35787
171864
-158208
-56778
-24248
50487
-81968
-9000
117970
-74578
114300
5593
-33540
-217117
162995
68824
51340
-62920
181298
-89544
26685
193452
137286
144171
-45752
39252
-70263
35981
121401
-106760
-87576
-95424
-48603
-102376
114420
33101
-85492
221000
-13005
20792
-177160
32160
-81153
