83734
-112193
-193695
12100
1015
32080
-11392
18830
190205
-116401
47753
-95078
-60641
-107553
-12475
-1883
-172260
-64170
8876
8731
-214067
146176
125373
91111
-99263
-29094
-318
68992
67275
50920
-26248
107042
10112
-183610
43290
99704
-45156
167700
-2408
38703
-107758
94622
129525
-127228
-69842
119176
204370
-7799
79168
-12240
-52724
-38276
91080
118424
-55268
150064
213399
33233
61248
-76256
