-80086
-41976
44045
218000
-86349
91856
-28238
87611
-11830
-20041
130650
-169452
-75326
-19549
-11241
188984
121761
-31348
84188
-38171
14861
146621
-126961
111347
-184375
-8892
-38823
214170
-19825
64480
42119
43847
31314
33144
5153
74760
53637
-11608
83366
13872
132641
-166871
-76638
-73113
-4716
-132236
-58331
-47723
-23909
-237273
80318
-61124
7720
-146462
20358
-144606
-6246
53826
-19646
10324
-141972
-133004
187000
118875
57986
-42717
-4164
234506
14288
-45056
42942
-90605
49106
-80775
15143
-7338
19000
-20160
-153678
-67603
-800
-217010
