-58650
-82485
118917
205322
73260
27552
-87609
134232
-61858
66687
-3080
-3556
176596
-7067
65688
-134668
-73598
-125031
97919
-218356
16560
75305
165728
-180448
-58161
-51229
-47535
10618
10769
-28116
-30795
-105060
-24864
19379
-30030
177625
177975
-176145
16691
-159816
-145824
34882
-28017
-7564
53100
189121
78024
-42460
6704
-46354
-20583
-91476
104081
-187921
204408
-45248
167351
-119370
-6093
57164
102858
8504
187345
47828
11531
235978
12443
-7320
79688
165129
