90611
-241579
-61242
131454
-202942
64112
19188
211484
-128110
-5610
155958
-2934
-123313
-76782
46620
-135570
1120
-20435
100368
-92528
6778
-1601
-4476
-1492
-175384
-39081
-18014
-115794
92838
-230982
21694
-67940
10244
-58528
-93964
89650
166031
19710
-174924
217066
-198396
109632
-123903
-126139
-77436
-241450
219566
-47808
-17793
-213144
-59724
-29351
6868
68330
-1098
-202031
192696
-107924
82192
19800
-20059
-165608
-158472
3751
-134034
150990
-163632
76065
56193
14307
79520
-63070
-19393
-21357
-14681
-10995
-122383
-88418
-5549
-51972
-109265
-15630
-212528
-10680
-97812
114193
208923
-160832
121110
-1664
32774
-94224
81562
356
109308
-44016
-26139
-11641
215196
-144144
38955
-132389
32277
-192262
-59639
15972
73038
388
80308
139442
113478
-54112
-48631
-3814
135192
36528
70743
-5340
-148632
48164
-11346
173012
-12487
-101270
-113714
-6147
-46257
-162093
-83552
-95790
26481
155103
