94584
-27384
-230048
226652
51775
-228990
-175317
211730
-61404
-61902
199969
-3104
37800
-182534
110801
162326
-70152
-18318
73645
-37281
3876
72270
-134048
-45650
49956
-33003
-145040
63686
81523
16340
199208
-2178
-62416
90800
-36518
-116148
-12466
-72852
128788
14033
34102
-1900
-56463
218197
-29169
38962
108558
79321
-56138
36134
117434
56304
3843
