181758
-19656
-1106
11458
53741
125812
77288
-51600
9814
-72770
