52900
155636
4299
-19016
29294
-166238
-375
186372
125651
-89604
199496
-128532
-58656
21516
-83520
-215465
-97637
-77926
-110112
-49302
167678
-67735
-129200
-47480
-79380
63670
36733
-112254
-39551
-81486
55440
-186193
42041
-17623
39424
-2132
-128440
116025
-125507
241392
14868
23130
68250
134107
-6032
-118126
167229
9252
-233260
-5012
149281
-196452
162964
5647
143106
-8133
220668
-99328
-42161
-64080
-23394
-206492
-66646
35105
35679
-82712
64167
-39731
-76830
210251
-72198
-18150
26542
35955
176370
62169
127359
-15756
70294
-32694
-7356
-29234
60030
28827
55494
108598
63108
-2577
-87360
42132
