Case 1: 3777
Case 2: 8793
Case 3: 6386
Case 4: 2421
Case 5: 8763
Case 6: 4426
Case 7: 6736
Case 8: 6368
Case 9: 3862
Case 10: 5067
Case 11: 5022
Case 12: 4069
Case 13: 6011
Case 14: 8373
Case 15: 5421
Case 16: 6198
Case 17: 7413
Case 18: 7091
Case 19: 7862
