693
273
63
17
856
562
223
348
230
262
630
684
405
865
69
363
437
378
563
845
544
810
154
575
674
356
440
554
720
570
841
516
843
302
532
792
874
162
548
504
420
597
601
256
554
86
617
101
467
293
38
428
504
500
116
596
875
547
571
681
535
825
613
468
220
254
663
498
722
633
406
255
335
428
824
908
517
534
395
391
244
430
841
731
343
353
430
310
320
419
405
865
338
131
