40
60
203
191
78
261
260
277
231
170
6
230
27
27
265
145
231
85
232
83
260
144
47
260
164
170
31
170
259
8
257
124
71
275
23
231
260
6
231
42
265
68
95
19
95
178
259
47
81
216
218
164
81
83
155
231
243
271
221
48
6
201
163
172
11
275
135
106
114
174
231
106
232
45
214
149
216
195
184
8
137
218
172
24
13
144
259
85
138
201
132
236
218
106
137
60
