61
28
145
274
274
33
292
379
13
515
464
446
478
447
4
60
101
440
101
500
200
93
172
75
179
297
16
265
117
354
86
200
393
249
500
330
493
267
203
154
455
143
64
39
245
258
302
356
177
431
4
39
13
351
320
378
323
340
307
479
190
423
325
255
329
502
68
292
438
497
478
348
100
201
414
353
128
206
389
510
294
48
32
311
423
360
361
235
379
169
362
55
250
367
320
68
339
64
39
259
35
177
280
324
387
362
356
188
243
427
177
32
497
401
20
387
446
52
286
292
414
321
29
154
187
27
430
200
101
497
126
149
139
432
154
192
478
10
54
190
438
239
230
398
302
457
464
225
519
414
16
409
222
235
39
72
267
136
287
380
98
84
200
441
187
360
291
131
33
357
7
128
78
235
14
58
343
129
297
333
31
525
232
264
232
490
18
525
86
311
38
388
68
249
504
274
284
270
68
