109
133
163
93
154
29
12
11
57
61
108
10
25
14
36
114
85
116
37
6
36
1
152
35
58
4
111
2
90
116
103
16
140
147
168
116
61
8
17
6
74
125
23
159
140
118
103
109
58
25
2
159
25
43
84
90
49
79
93
17
22
76
102
162
112
96
165
58
164
72
72
58
85
153
109
48
102
97
37
49
116
103
32
32
141
173
114
12
74
96
98
156
54
17
29
164
174
16
53
163
93
6
111
54
163
46
163
145
136
25
83
141
127
172
174
97
167
1
169
65
96
151
49
143
172
76
22
169
156
133
46
132
141
154
10
11
23
174
49
49
88
127
10
101
121
9
81
114
74
134
68
165
113
2
22
172
81
108
54
121
59
100
137
96
74
149
166
159
36
37
96
121
52
107
108
169
2
6
169
76
141
127
130
85
131
36
140
96
139
15
37
92
