415
618
36
83
36
361
276
33
718
54
259
662
699
101
286
276
108
118
581
364
741
745
268
578
800
295
234
165
52
618
56
755
416
86
15
