22
247
501
518
567
480
157
382
199
204
600
224
176
310
14
589
589
199
372
362
400
132
340
558
437
670
336
242
607
666
331
645
491
373
21
351
408
169
53
629
405
672
170
145
548
445
60
445
199
442
362
613
126
25
29
120
7
613
401
158
588
272
359
386
213
386
53
648
118
103
583
552
332
324
15
167
325
314
167
558
310
568
26
467
122
62
597
129
689
314
574
583
154
224
267
393
640
341
345
76
16
499
165
344
120
438
80
21
67
253
574
631
126
596
406
273
674
574
691
204
445
572
105
608
107
652
314
301
296
212
645
574
25
367
468
405
111
569
434
440
132
301
382
550
468
345
123
10
220
379
212
688
236
583
599
621
558
490
230
406
22
446
