1768
1531
262
2457
2815
1720
1631
813
2037
1978
550
154
510
385
388
701
1167
1225
1609
2667
1250
624
420
2183
2315
1351
2701
2579
472
1727
2306
838
275
1175
294
149
2878
493
968
510
2468
55
680
1556
431
2593
2231
146
828
883
1397
618
32
1786
2784
2360
157
1102
520
2160
2816
2826
14
150
1054
1852
