1707
7350
961
3249
6999
675
5730
5037
4358
5708
4175
6284
1829
1931
3936
3633
6796
1827
230
5181
7200
4377
1644
2230
3397
1444
3320
1622
677
3906
320
