143
28
2917
4249
745
1183
2454
3231
884
2771
4009
3527
3113
2207
4098
2107
4298
824
3774
3330
1771
4013
191
814
2314
4659
3514
4384
4593
4995
1632
4729
2563
4561
1334
801
3215
1287
3986
4048
4030
368
5076
4657
82
4050
1598
4392
4831
238
82
4107
1756
2943
2411
4068
2460
814
853
4539
3291
2464
1610
716
4512
2940
1465
2588
4228
2945
4114
622
874
4068
101
946
482
1700
2817
2835
4624
2903
1802
1220
3330
1701
2801
661
2510
1139
2690
3287
3538
4286
3967
2917
4736
2931
2994
1314
762
4635
1919
4205
3527
4690
5090
4015
3898
2782
4367
3346
3152
1027
2084
1360
221
2383
4657
2725
1019
2174
3496
4557
3966
2319
4963
3537
2767
315
2382
1010
4919
1810
28
3308
1350
5121
4830
93
270
4037
998
3412
2564
3049
2290
2789
2931
1792
2991
3902
1479
1332
869
291
1178
646
1348
1421
3565
