117
150
96
330
84
32
326
39
194
289
315
336
342
123
84
40
158
49
315
98
305
167
295
27
59
101
39
43
185
71
117
87
17
225
66
226
34
43
275
236
101
230
216
224
16
316
39
305
128
4
49
88
304
346
245
16
101
53
180
68
127
76
158
280
317
13
144
111
179
68
10
60
76
229
293
214
317
336
164
100
336
4
326
289
2
214
68
233
43
31
312
316
107
251
240
199
262
161
330
214
20
338
283
99
341
222
92
311
203
40
182
321
43
154
30
164
141
226
48
194
266
17
154
30
266
169
10
302
343
338
158
17
95
93
245
87
90
103
167
68
283
16
41
330
172
194
136
97
68
200
306
103
341
107
133
30
63
280
327
59
272
271
194
128
126
214
235
232
334
178
315
266
321
7
17
274
198
290
24
49
272
330
162
261
214
83
59
289
19
152
114
55
68
327
194
213
187
205
94
303
39
53
209
10
181
4
280
158
293
68
217
204
48
158
245
44
258
305
336
43
107
236
100
188
209
309
180
175
158
50
123
332
104
107
103
68
108
161
245
180
246
239
39
